#
# An unexpected error has occurred (6)
#
Stack:
/lib/x86_64-linux-gnu/libc.so.6(+0x43090) [0x7f26e0ae7090]
/lib/x86_64-linux-gnu/libc.so.6(gsignal+0xcb) [0x7f26e0ae700b]
/lib/x86_64-linux-gnu/libc.so.6(abort+0x12b) [0x7f26e0ac6859]
/home/cisechw/XilinxSetup/Vivado/2023.1/lib/lnx64.o/Ubuntu/20/libstdc++.so.6(+0x9e911) [0x7f26e0f6e911]
/home/cisechw/XilinxSetup/Vivado/2023.1/lib/lnx64.o/Ubuntu/20/libstdc++.so.6(+0xaa38c) [0x7f26e0f7a38c]
/home/cisechw/XilinxSetup/Vivado/2023.1/lib/lnx64.o/Ubuntu/20/libstdc++.so.6(+0xaa3f7) [0x7f26e0f7a3f7]
/home/cisechw/XilinxSetup/Vivado/2023.1/lib/lnx64.o/Ubuntu/20/libstdc++.so.6(+0xab155) [0x7f26e0f7b155]
/home/cisechw/XilinxSetup/Vivado/2023.1/lib/lnx64.o/librdi_wavedata.so(+0x3546ce) [0x7f26b3a6b6ce]
/home/cisechw/XilinxSetup/Vivado/2023.1/lib/lnx64.o/librdi_wavedata.so(SG_Model::WaveformRender::render(SG_Model::WVDataObject const&)+0x84) [0x7f26b3a76364]
/home/cisechw/XilinxSetup/Vivado/2023.1/lib/lnx64.o/librdi_wavedata.so(WaveViewer::WVWaveformPanel::WaveformTraverser::drawWaveform(SG_Model::WVDataObject const*, int, int)+0x38e) [0x7f26b3af15fe]
/home/cisechw/XilinxSetup/Vivado/2023.1/lib/lnx64.o/librdi_wavedata.so(WaveViewer::WVWaveformPanel::WaveformTraverser::handleItemSize(WaveViewer::WVTreeWVObjectModel::ITraverseHandler::TraverseItem const&)+0x52) [0x7f26b3af18d2]
/home/cisechw/XilinxSetup/Vivado/2023.1/lib/lnx64.o/librdi_wavedata.so(WaveViewer::WVTreeWVObjectModel::traverseYRange(SG_Model::WVDataObject const*, WaveViewer::WVTreeWVObjectModel::ITraverseHandler&, int, int, int&, int&) const+0x234) [0x7f26b3ad4df4]
/home/cisechw/XilinxSetup/Vivado/2023.1/lib/lnx64.o/librdi_wavedata.so(WaveViewer::WVTreeWVObjectModel::traverseYRange(SG_Model::WVDataObject const*, WaveViewer::WVTreeWVObjectModel::ITraverseHandler&, int, int, int&, int&) const+0x2be) [0x7f26b3ad4e7e]
/home/cisechw/XilinxSetup/Vivado/2023.1/lib/lnx64.o/librdi_wavedata.so(WaveViewer::WVTreeWVObjectModel::traverseYRange(SG_Model::WVDataObject const*, WaveViewer::WVTreeWVObjectModel::ITraverseHandler&, int, int, int&, int&) const+0x2be) [0x7f26b3ad4e7e]
/home/cisechw/XilinxSetup/Vivado/2023.1/lib/lnx64.o/librdi_wavedata.so(WaveViewer::WVTreeWVObjectModel::traverseYRange(SG_Model::WVDataObject const*, WaveViewer::WVTreeWVObjectModel::ITraverseHandler&, int, int, int&, int&) const+0x2be) [0x7f26b3ad4e7e]
/home/cisechw/XilinxSetup/Vivado/2023.1/lib/lnx64.o/librdi_wavedata.so(WaveViewer::WVTreeWVObjectModel::traverseYRange(WaveViewer::WVTreeWVObjectModel::ITraverseHandler&, int, int) const+0x57) [0x7f26b3ad4fb7]
/home/cisechw/XilinxSetup/Vivado/2023.1/lib/lnx64.o/librdi_wavedata.so(WaveViewer::WVWaveformPanel::getGraphics(HDGDStringStream&, long&)+0x3a9) [0x7f26b3af0bf9]
/home/cisechw/XilinxSetup/Vivado/2023.1/lib/lnx64.o/librdi_wavedata.so(WVExecutiveImp::getGraphicsDataSize()+0x9a) [0x7f26b3aacd1a]
/home/cisechw/XilinxSetup/Vivado/2023.1/lib/lnx64.o/librdi_wavedata.so(WVExecutive::getGraphicsDataSize()+0xf) [0x7f26b3aad18f]
/home/cisechw/XilinxSetup/Vivado/2023.1/lib/lnx64.o/librdi_wavedata.so(Java_ui_views_waveform_waveformi_WVExecutive_1getGraphicsDataSize+0x17) [0x7f26b3af9517]
[0x7f26941bfadc]
