Time resolution is 1 ps
Simulation started.
CORRECT IDX:           0 
CORRECT IDX:           1 
CORRECT IDX:           2 
CORRECT IDX:           3 
CORRECT IDX:           4 
CORRECT IDX:           5 
CORRECT IDX:           6 
CORRECT IDX:           7 
CORRECT IDX:           8 
CORRECT IDX:           9 
CORRECT IDX:          10 
CORRECT IDX:          11 
CORRECT IDX:          12 
CORRECT IDX:          13 
CORRECT IDX:          14 
CORRECT IDX:          15 
CORRECT IDX:          16 
CORRECT IDX:          17 
CORRECT IDX:          18 
CORRECT IDX:          19 
CORRECT IDX:          20 
CORRECT IDX:          21 
CORRECT IDX:          22 
CORRECT IDX:          23 
CORRECT IDX:          24 
CORRECT IDX:          25 
CORRECT IDX:          26 
CORRECT IDX:          27 
CORRECT IDX:          28 
CORRECT IDX:          29 
CORRECT IDX:          30 
CORRECT IDX:          31 
CORRECT IDX:          32 
CORRECT IDX:          33 
CORRECT IDX:          34 
CORRECT IDX:          35 
CORRECT IDX:          36 
CORRECT IDX:          37 
CORRECT IDX:          38 
CORRECT IDX:          39 
CORRECT IDX:          40 
CORRECT IDX:          41 
CORRECT IDX:          42 
CORRECT IDX:          43 
CORRECT IDX:          44 
CORRECT IDX:          45 
CORRECT IDX:          46 
CORRECT IDX:          47 
CORRECT IDX:          48 
CORRECT IDX:          49 
CORRECT IDX:          50 
CORRECT IDX:          51 
CORRECT IDX:          52 
CORRECT IDX:          53 
CORRECT IDX:          54 
CORRECT IDX:          55 
CORRECT IDX:          56 
CORRECT IDX:          57 
CORRECT IDX:          58 
CORRECT IDX:          59 
CORRECT IDX:          60 
CORRECT IDX:          61 
CORRECT IDX:          62 
CORRECT IDX:          63 
CORRECT IDX:          64 
CORRECT IDX:          65 
CORRECT IDX:          66 
CORRECT IDX:          67 
CORRECT IDX:          68 
CORRECT IDX:          69 
CORRECT IDX:          70 
CORRECT IDX:          71 
CORRECT IDX:          72 
CORRECT IDX:          73 
CORRECT IDX:          74 
CORRECT IDX:          75 
CORRECT IDX:          76 
CORRECT IDX:          77 
CORRECT IDX:          78 
CORRECT IDX:          79 
CORRECT IDX:          80 
CORRECT IDX:          81 
CORRECT IDX:          82 
CORRECT IDX:          83 
CORRECT IDX:          84 
CORRECT IDX:          85 
CORRECT IDX:          86 
CORRECT IDX:          87 
CORRECT IDX:          88 
CORRECT IDX:          89 
CORRECT IDX:          90 
CORRECT IDX:          91 
CORRECT IDX:          92 
CORRECT IDX:          93 
CORRECT IDX:          94 
CORRECT IDX:          95 
CORRECT IDX:          96 
CORRECT IDX:          97 
CORRECT IDX:          98 
CORRECT IDX:          99 
CORRECT IDX:         100 
CORRECT IDX:         101 
CORRECT IDX:         102 
CORRECT IDX:         103 
CORRECT IDX:         104 
CORRECT IDX:         105 
CORRECT IDX:         106 
CORRECT IDX:         107 
CORRECT IDX:         108 
CORRECT IDX:         109 
CORRECT IDX:         110 
CORRECT IDX:         111 
CORRECT IDX:         112 
CORRECT IDX:         113 
CORRECT IDX:         114 
CORRECT IDX:         115 
CORRECT IDX:         116 
CORRECT IDX:         117 
CORRECT IDX:         118 
CORRECT IDX:         119 
CORRECT IDX:         120 
CORRECT IDX:         121 
CORRECT IDX:         122 
CORRECT IDX:         123 
CORRECT IDX:         124 
CORRECT IDX:         125 
CORRECT IDX:         126 
CORRECT IDX:         127 
CORRECT IDX:         128 
CORRECT IDX:         129 
CORRECT IDX:         130 
CORRECT IDX:         131 
CORRECT IDX:         132 
CORRECT IDX:         133 
CORRECT IDX:         134 
CORRECT IDX:         135 
CORRECT IDX:         136 
CORRECT IDX:         137 
CORRECT IDX:         138 
CORRECT IDX:         139 
CORRECT IDX:         140 
CORRECT IDX:         141 
CORRECT IDX:         142 
CORRECT IDX:         143 
CORRECT IDX:         144 
CORRECT IDX:         145 
CORRECT IDX:         146 
CORRECT IDX:         147 
CORRECT IDX:         148 
CORRECT IDX:         149 
CORRECT IDX:         150 
CORRECT IDX:         151 
CORRECT IDX:         152 
CORRECT IDX:         153 
CORRECT IDX:         154 
CORRECT IDX:         155 
CORRECT IDX:         156 
CORRECT IDX:         157 
CORRECT IDX:         158 
CORRECT IDX:         159 
CORRECT IDX:         160 
CORRECT IDX:         161 
CORRECT IDX:         162 
CORRECT IDX:         163 
CORRECT IDX:         164 
CORRECT IDX:         165 
CORRECT IDX:         166 
CORRECT IDX:         167 
CORRECT IDX:         168 
CORRECT IDX:         169 
CORRECT IDX:         170 
CORRECT IDX:         171 
CORRECT IDX:         172 
CORRECT IDX:         173 
CORRECT IDX:         174 
CORRECT IDX:         175 
CORRECT IDX:         176 
CORRECT IDX:         177 
CORRECT IDX:         178 
CORRECT IDX:         179 
CORRECT IDX:         180 
CORRECT IDX:         181 
CORRECT IDX:         182 
CORRECT IDX:         183 
CORRECT IDX:         184 
CORRECT IDX:         185 
CORRECT IDX:         186 
CORRECT IDX:         187 
CORRECT IDX:         188 
CORRECT IDX:         189 
CORRECT IDX:         190 
CORRECT IDX:         191 
CORRECT IDX:         192 
CORRECT IDX:         193 
CORRECT IDX:         194 
CORRECT IDX:         195 
CORRECT IDX:         196 
CORRECT IDX:         197 
CORRECT IDX:         198 
CORRECT IDX:         199 
CORRECT IDX:         200 
CORRECT IDX:         201 
CORRECT IDX:         202 
CORRECT IDX:         203 
CORRECT IDX:         204 
CORRECT IDX:         205 
CORRECT IDX:         206 
CORRECT IDX:         207 
CORRECT IDX:         208 
CORRECT IDX:         209 
CORRECT IDX:         210 
CORRECT IDX:         211 
CORRECT IDX:         212 
CORRECT IDX:         213 
CORRECT IDX:         214 
CORRECT IDX:         215 
CORRECT IDX:         216 
CORRECT IDX:         217 
CORRECT IDX:         218 
CORRECT IDX:         219 
CORRECT IDX:         220 
CORRECT IDX:         221 
CORRECT IDX:         222 
CORRECT IDX:         223 
CORRECT IDX:         224 
CORRECT IDX:         225 
CORRECT IDX:         226 
CORRECT IDX:         227 
CORRECT IDX:         228 
CORRECT IDX:         229 
CORRECT IDX:         230 
CORRECT IDX:         231 
CORRECT IDX:         232 
CORRECT IDX:         233 
CORRECT IDX:         234 
CORRECT IDX:         235 
CORRECT IDX:         236 
CORRECT IDX:         237 
CORRECT IDX:         238 
CORRECT IDX:         239 
CORRECT IDX:         240 
CORRECT IDX:         241 
CORRECT IDX:         242 
CORRECT IDX:         243 
CORRECT IDX:         244 
CORRECT IDX:         245 
CORRECT IDX:         246 
CORRECT IDX:         247 
CORRECT IDX:         248 
CORRECT IDX:         249 
CORRECT IDX:         250 
CORRECT IDX:         251 
CORRECT IDX:         252 
CORRECT IDX:         253 
CORRECT IDX:         254 
CORRECT IDX:         255 
CORRECT IDX:         256 
CORRECT IDX:         257 
CORRECT IDX:         258 
CORRECT IDX:         259 
CORRECT IDX:         260 
CORRECT IDX:         261 
CORRECT IDX:         262 
CORRECT IDX:         263 
CORRECT IDX:         264 
CORRECT IDX:         265 
CORRECT IDX:         266 
CORRECT IDX:         267 
CORRECT IDX:         268 
CORRECT IDX:         269 
CORRECT IDX:         270 
CORRECT IDX:         271 
CORRECT IDX:         272 
CORRECT IDX:         273 
CORRECT IDX:         274 
CORRECT IDX:         275 
CORRECT IDX:         276 
CORRECT IDX:         277 
CORRECT IDX:         278 
CORRECT IDX:         279 
CORRECT IDX:         280 
CORRECT IDX:         281 
CORRECT IDX:         282 
CORRECT IDX:         283 
CORRECT IDX:         284 
CORRECT IDX:         285 
CORRECT IDX:         286 
CORRECT IDX:         287 
CORRECT IDX:         288 
CORRECT IDX:         289 
CORRECT IDX:         290 
CORRECT IDX:         291 
CORRECT IDX:         292 
CORRECT IDX:         293 
CORRECT IDX:         294 
CORRECT IDX:         295 
CORRECT IDX:         296 
CORRECT IDX:         297 
CORRECT IDX:         298 
CORRECT IDX:         299 
CORRECT IDX:         300 
CORRECT IDX:         301 
CORRECT IDX:         302 
CORRECT IDX:         303 
CORRECT IDX:         304 
CORRECT IDX:         305 
CORRECT IDX:         306 
CORRECT IDX:         307 
CORRECT IDX:         308 
CORRECT IDX:         309 
CORRECT IDX:         310 
CORRECT IDX:         311 
CORRECT IDX:         312 
CORRECT IDX:         313 
