Time resolution is 1 ps
Simulation started.
CORRECT IDX:           0 
CORRECT IDX:           1 
CORRECT IDX:           2 
CORRECT IDX:           3 
CORRECT IDX:           4 
CORRECT IDX:           5 
CORRECT IDX:           6 
CORRECT IDX:           7 
CORRECT IDX:           8 
CORRECT IDX:           9 
CORRECT IDX:          10 
CORRECT IDX:          11 
CORRECT IDX:          12 
CORRECT IDX:          13 
CORRECT IDX:          14 
CORRECT IDX:          15 
CORRECT IDX:          16 
CORRECT IDX:          17 
CORRECT IDX:          18 
CORRECT IDX:          19 
CORRECT IDX:          20 
CORRECT IDX:          21 
CORRECT IDX:          22 
CORRECT IDX:          23 
CORRECT IDX:          24 
CORRECT IDX:          25 
CORRECT IDX:          26 
CORRECT IDX:          27 
CORRECT IDX:          28 
CORRECT IDX:          29 
CORRECT IDX:          30 
CORRECT IDX:          31 
CORRECT IDX:          32 
CORRECT IDX:          33 
CORRECT IDX:          34 
CORRECT IDX:          35 
CORRECT IDX:          36 
CORRECT IDX:          37 
CORRECT IDX:          38 
CORRECT IDX:          39 
CORRECT IDX:          40 
CORRECT IDX:          41 
CORRECT IDX:          42 
CORRECT IDX:          43 
CORRECT IDX:          44 
CORRECT IDX:          45 
CORRECT IDX:          46 
CORRECT IDX:          47 
CORRECT IDX:          48 
CORRECT IDX:          49 
CORRECT IDX:          50 
CORRECT IDX:          51 
CORRECT IDX:          52 
CORRECT IDX:          53 
CORRECT IDX:          54 
CORRECT IDX:          55 
CORRECT IDX:          56 
CORRECT IDX:          57 
CORRECT IDX:          58 
CORRECT IDX:          59 
CORRECT IDX:          60 
CORRECT IDX:          61 
CORRECT IDX:          62 
CORRECT IDX:          63 
CORRECT IDX:          64 
CORRECT IDX:          65 
CORRECT IDX:          66 
CORRECT IDX:          67 
CORRECT IDX:          68 
CORRECT IDX:          69 
CORRECT IDX:          70 
CORRECT IDX:          71 
CORRECT IDX:          72 
CORRECT IDX:          73 
CORRECT IDX:          74 
CORRECT IDX:          75 
CORRECT IDX:          76 
CORRECT IDX:          77 
CORRECT IDX:          78 
CORRECT IDX:          79 
CORRECT IDX:          80 
CORRECT IDX:          81 
CORRECT IDX:          82 
CORRECT IDX:          83 
CORRECT IDX:          84 
CORRECT IDX:          85 
CORRECT IDX:          86 
CORRECT IDX:          87 
CORRECT IDX:          88 
CORRECT IDX:          89 
CORRECT IDX:          90 
CORRECT IDX:          91 
CORRECT IDX:          92 
CORRECT IDX:          93 
CORRECT IDX:          94 
CORRECT IDX:          95 
CORRECT IDX:          96 
CORRECT IDX:          97 
CORRECT IDX:          98 
CORRECT IDX:          99 
CORRECT IDX:         100 
CORRECT IDX:         101 
CORRECT IDX:         102 
CORRECT IDX:         103 
CORRECT IDX:         104 
CORRECT IDX:         105 
CORRECT IDX:         106 
CORRECT IDX:         107 
CORRECT IDX:         108 
CORRECT IDX:         109 
CORRECT IDX:         110 
CORRECT IDX:         111 
CORRECT IDX:         112 
CORRECT IDX:         113 
CORRECT IDX:         114 
CORRECT IDX:         115 
CORRECT IDX:         116 
CORRECT IDX:         117 
CORRECT IDX:         118 
CORRECT IDX:         119 
CORRECT IDX:         120 
CORRECT IDX:         121 
CORRECT IDX:         122 
CORRECT IDX:         123 
CORRECT IDX:         124 
CORRECT IDX:         125 
CORRECT IDX:         126 
CORRECT IDX:         127 
CORRECT IDX:         128 
CORRECT IDX:         129 
CORRECT IDX:         130 
CORRECT IDX:         131 
CORRECT IDX:         132 
CORRECT IDX:         133 
CORRECT IDX:         134 
CORRECT IDX:         135 
CORRECT IDX:         136 
CORRECT IDX:         137 
CORRECT IDX:         138 
CORRECT IDX:         139 
CORRECT IDX:         140 
CORRECT IDX:         141 
CORRECT IDX:         142 
CORRECT IDX:         143 
CORRECT IDX:         144 
CORRECT IDX:         145 
CORRECT IDX:         146 
CORRECT IDX:         147 
CORRECT IDX:         148 
CORRECT IDX:         149 
CORRECT IDX:         150 
CORRECT IDX:         151 
CORRECT IDX:         152 
CORRECT IDX:         153 
CORRECT IDX:         154 
CORRECT IDX:         155 
CORRECT IDX:         156 
CORRECT IDX:         157 
CORRECT IDX:         158 
CORRECT IDX:         159 
CORRECT IDX:         160 
CORRECT IDX:         161 
CORRECT IDX:         162 
CORRECT IDX:         163 
CORRECT IDX:         164 
CORRECT IDX:         165 
CORRECT IDX:         166 
CORRECT IDX:         167 
CORRECT IDX:         168 
CORRECT IDX:         169 
CORRECT IDX:         170 
CORRECT IDX:         171 
CORRECT IDX:         172 
CORRECT IDX:         173 
CORRECT IDX:         174 
CORRECT IDX:         175 
CORRECT IDX:         176 
CORRECT IDX:         177 
CORRECT IDX:         178 
CORRECT IDX:         179 
CORRECT IDX:         180 
CORRECT IDX:         181 
CORRECT IDX:         182 
CORRECT IDX:         183 
CORRECT IDX:         184 
CORRECT IDX:         185 
CORRECT IDX:         186 
CORRECT IDX:         187 
CORRECT IDX:         188 
CORRECT IDX:         189 
CORRECT IDX:         190 
CORRECT IDX:         191 
CORRECT IDX:         192 
CORRECT IDX:         193 
CORRECT IDX:         194 
CORRECT IDX:         195 
CORRECT IDX:         196 
CORRECT IDX:         197 
CORRECT IDX:         198 
CORRECT IDX:         199 
CORRECT IDX:         200 
CORRECT IDX:         201 
CORRECT IDX:         202 
CORRECT IDX:         203 
CORRECT IDX:         204 
CORRECT IDX:         205 
CORRECT IDX:         206 
CORRECT IDX:         207 
CORRECT IDX:         208 
CORRECT IDX:         209 
CORRECT IDX:         210 
CORRECT IDX:         211 
CORRECT IDX:         212 
CORRECT IDX:         213 
CORRECT IDX:         214 
CORRECT IDX:         215 
CORRECT IDX:         216 
CORRECT IDX:         217 
CORRECT IDX:         218 
CORRECT IDX:         219 
CORRECT IDX:         220 
CORRECT IDX:         221 
CORRECT IDX:         222 
CORRECT IDX:         223 
CORRECT IDX:         224 
CORRECT IDX:         225 
CORRECT IDX:         226 
CORRECT IDX:         227 
CORRECT IDX:         228 
CORRECT IDX:         229 
CORRECT IDX:         230 
CORRECT IDX:         231 
CORRECT IDX:         232 
CORRECT IDX:         233 
CORRECT IDX:         234 
CORRECT IDX:         235 
CORRECT IDX:         236 
CORRECT IDX:         237 
CORRECT IDX:         238 
CORRECT IDX:         239 
CORRECT IDX:         240 
CORRECT IDX:         241 
CORRECT IDX:         242 
CORRECT IDX:         243 
CORRECT IDX:         244 
CORRECT IDX:         245 
CORRECT IDX:         246 
CORRECT IDX:         247 
CORRECT IDX:         248 
CORRECT IDX:         249 
CORRECT IDX:         250 
CORRECT IDX:         251 
CORRECT IDX:         252 
CORRECT IDX:         253 
CORRECT IDX:         254 
CORRECT IDX:         255 
CORRECT IDX:         256 
CORRECT IDX:         257 
CORRECT IDX:         258 
CORRECT IDX:         259 
CORRECT IDX:         260 
CORRECT IDX:         261 
CORRECT IDX:         262 
CORRECT IDX:         263 
CORRECT IDX:         264 
CORRECT IDX:         265 
CORRECT IDX:         266 
CORRECT IDX:         267 
CORRECT IDX:         268 
CORRECT IDX:         269 
CORRECT IDX:         270 
CORRECT IDX:         271 
CORRECT IDX:         272 
CORRECT IDX:         273 
CORRECT IDX:         274 
CORRECT IDX:         275 
CORRECT IDX:         276 
CORRECT IDX:         277 
CORRECT IDX:         278 
CORRECT IDX:         279 
CORRECT IDX:         280 
CORRECT IDX:         281 
CORRECT IDX:         282 
CORRECT IDX:         283 
CORRECT IDX:         284 
CORRECT IDX:         285 
CORRECT IDX:         286 
CORRECT IDX:         287 
CORRECT IDX:         288 
CORRECT IDX:         289 
CORRECT IDX:         290 
CORRECT IDX:         291 
CORRECT IDX:         292 
CORRECT IDX:         293 
CORRECT IDX:         294 
CORRECT IDX:         295 
CORRECT IDX:         296 
CORRECT IDX:         297 
CORRECT IDX:         298 
CORRECT IDX:         299 
CORRECT IDX:         300 
CORRECT IDX:         301 
CORRECT IDX:         302 
CORRECT IDX:         303 
CORRECT IDX:         304 
CORRECT IDX:         305 
CORRECT IDX:         306 
CORRECT IDX:         307 
CORRECT IDX:         308 
CORRECT IDX:         309 
CORRECT IDX:         310 
CORRECT IDX:         311 
CORRECT IDX:         312 
CORRECT IDX:         313 
CORRECT IDX:         314 
CORRECT IDX:         315 
CORRECT IDX:         316 
CORRECT IDX:         317 
CORRECT IDX:         318 
CORRECT IDX:         319 
CORRECT IDX:         320 
CORRECT IDX:         321 
CORRECT IDX:         322 
CORRECT IDX:         323 
CORRECT IDX:         324 
CORRECT IDX:         325 
CORRECT IDX:         326 
CORRECT IDX:         327 
CORRECT IDX:         328 
CORRECT IDX:         329 
CORRECT IDX:         330 
CORRECT IDX:         331 
CORRECT IDX:         332 
CORRECT IDX:         333 
CORRECT IDX:         334 
CORRECT IDX:         335 
CORRECT IDX:         336 
CORRECT IDX:         337 
CORRECT IDX:         338 
CORRECT IDX:         339 
CORRECT IDX:         340 
CORRECT IDX:         341 
CORRECT IDX:         342 
CORRECT IDX:         343 
CORRECT IDX:         344 
CORRECT IDX:         345 
CORRECT IDX:         346 
CORRECT IDX:         347 
CORRECT IDX:         348 
CORRECT IDX:         349 
CORRECT IDX:         350 
CORRECT IDX:         351 
CORRECT IDX:         352 
CORRECT IDX:         353 
CORRECT IDX:         354 
CORRECT IDX:         355 
CORRECT IDX:         356 
CORRECT IDX:         357 
CORRECT IDX:         358 
CORRECT IDX:         359 
CORRECT IDX:         360 
CORRECT IDX:         361 
CORRECT IDX:         362 
CORRECT IDX:         363 
CORRECT IDX:         364 
CORRECT IDX:         365 
CORRECT IDX:         366 
CORRECT IDX:         367 
CORRECT IDX:         368 
CORRECT IDX:         369 
CORRECT IDX:         370 
CORRECT IDX:         371 
CORRECT IDX:         372 
CORRECT IDX:         373 
CORRECT IDX:         374 
CORRECT IDX:         375 
CORRECT IDX:         376 
CORRECT IDX:         377 
CORRECT IDX:         378 
CORRECT IDX:         379 
CORRECT IDX:         380 
CORRECT IDX:         381 
CORRECT IDX:         382 
CORRECT IDX:         383 
CORRECT IDX:         384 
CORRECT IDX:         385 
CORRECT IDX:         386 
CORRECT IDX:         387 
CORRECT IDX:         388 
CORRECT IDX:         389 
CORRECT IDX:         390 
CORRECT IDX:         391 
CORRECT IDX:         392 
CORRECT IDX:         393 
CORRECT IDX:         394 
CORRECT IDX:         395 
CORRECT IDX:         396 
CORRECT IDX:         397 
CORRECT IDX:         398 
CORRECT IDX:         399 
CORRECT IDX:         400 
CORRECT IDX:         401 
CORRECT IDX:         402 
CORRECT IDX:         403 
CORRECT IDX:         404 
CORRECT IDX:         405 
CORRECT IDX:         406 
CORRECT IDX:         407 
CORRECT IDX:         408 
CORRECT IDX:         409 
CORRECT IDX:         410 
CORRECT IDX:         411 
CORRECT IDX:         412 
CORRECT IDX:         413 
CORRECT IDX:         414 
CORRECT IDX:         415 
CORRECT IDX:         416 
CORRECT IDX:         417 
CORRECT IDX:         418 
CORRECT IDX:         419 
CORRECT IDX:         420 
CORRECT IDX:         421 
CORRECT IDX:         422 
CORRECT IDX:         423 
CORRECT IDX:         424 
CORRECT IDX:         425 
CORRECT IDX:         426 
CORRECT IDX:         427 
CORRECT IDX:         428 
CORRECT IDX:         429 
CORRECT IDX:         430 
CORRECT IDX:         431 
CORRECT IDX:         432 
CORRECT IDX:         433 
CORRECT IDX:         434 
CORRECT IDX:         435 
CORRECT IDX:         436 
CORRECT IDX:         437 
CORRECT IDX:         438 
CORRECT IDX:         439 
CORRECT IDX:         440 
CORRECT IDX:         441 
CORRECT IDX:         442 
CORRECT IDX:         443 
CORRECT IDX:         444 
CORRECT IDX:         445 
CORRECT IDX:         446 
CORRECT IDX:         447 
CORRECT IDX:         448 
CORRECT IDX:         449 
CORRECT IDX:         450 
CORRECT IDX:         451 
CORRECT IDX:         452 
CORRECT IDX:         453 
CORRECT IDX:         454 
CORRECT IDX:         455 
CORRECT IDX:         456 
CORRECT IDX:         457 
CORRECT IDX:         458 
CORRECT IDX:         459 
CORRECT IDX:         460 
CORRECT IDX:         461 
CORRECT IDX:         462 
CORRECT IDX:         463 
CORRECT IDX:         464 
CORRECT IDX:         465 
CORRECT IDX:         466 
CORRECT IDX:         467 
CORRECT IDX:         468 
CORRECT IDX:         469 
CORRECT IDX:         470 
CORRECT IDX:         471 
CORRECT IDX:         472 
CORRECT IDX:         473 
CORRECT IDX:         474 
CORRECT IDX:         475 
CORRECT IDX:         476 
CORRECT IDX:         477 
CORRECT IDX:         478 
CORRECT IDX:         479 
CORRECT IDX:         480 
CORRECT IDX:         481 
CORRECT IDX:         482 
CORRECT IDX:         483 
CORRECT IDX:         484 
CORRECT IDX:         485 
CORRECT IDX:         486 
CORRECT IDX:         487 
CORRECT IDX:         488 
CORRECT IDX:         489 
CORRECT IDX:         490 
CORRECT IDX:         491 
CORRECT IDX:         492 
CORRECT IDX:         493 
CORRECT IDX:         494 
CORRECT IDX:         495 
CORRECT IDX:         496 
CORRECT IDX:         497 
CORRECT IDX:         498 
CORRECT IDX:         499 
CORRECT IDX:         500 
CORRECT IDX:         501 
CORRECT IDX:         502 
CORRECT IDX:         503 
CORRECT IDX:         504 
CORRECT IDX:         505 
CORRECT IDX:         506 
CORRECT IDX:         507 
CORRECT IDX:         508 
CORRECT IDX:         509 
CORRECT IDX:         510 
CORRECT IDX:         511 
CORRECT IDX:         512 
CORRECT IDX:         513 
CORRECT IDX:         514 
CORRECT IDX:         515 
CORRECT IDX:         516 
CORRECT IDX:         517 
CORRECT IDX:         518 
CORRECT IDX:         519 
CORRECT IDX:         520 
CORRECT IDX:         521 
CORRECT IDX:         522 
CORRECT IDX:         523 
CORRECT IDX:         524 
CORRECT IDX:         525 
CORRECT IDX:         526 
CORRECT IDX:         527 
CORRECT IDX:         528 
CORRECT IDX:         529 
CORRECT IDX:         530 
CORRECT IDX:         531 
CORRECT IDX:         532 
CORRECT IDX:         533 
CORRECT IDX:         534 
CORRECT IDX:         535 
CORRECT IDX:         536 
CORRECT IDX:         537 
CORRECT IDX:         538 
CORRECT IDX:         539 
CORRECT IDX:         540 
CORRECT IDX:         541 
CORRECT IDX:         542 
CORRECT IDX:         543 
CORRECT IDX:         544 
CORRECT IDX:         545 
CORRECT IDX:         546 
CORRECT IDX:         547 
CORRECT IDX:         548 
CORRECT IDX:         549 
CORRECT IDX:         550 
CORRECT IDX:         551 
CORRECT IDX:         552 
CORRECT IDX:         553 
CORRECT IDX:         554 
CORRECT IDX:         555 
CORRECT IDX:         556 
CORRECT IDX:         557 
CORRECT IDX:         558 
CORRECT IDX:         559 
CORRECT IDX:         560 
CORRECT IDX:         561 
CORRECT IDX:         562 
CORRECT IDX:         563 
CORRECT IDX:         564 
CORRECT IDX:         565 
CORRECT IDX:         566 
CORRECT IDX:         567 
CORRECT IDX:         568 
CORRECT IDX:         569 
CORRECT IDX:         570 
CORRECT IDX:         571 
CORRECT IDX:         572 
CORRECT IDX:         573 
CORRECT IDX:         574 
CORRECT IDX:         575 
CORRECT IDX:         576 
CORRECT IDX:         577 
CORRECT IDX:         578 
CORRECT IDX:         579 
CORRECT IDX:         580 
CORRECT IDX:         581 
CORRECT IDX:         582 
CORRECT IDX:         583 
CORRECT IDX:         584 
CORRECT IDX:         585 
CORRECT IDX:         586 
CORRECT IDX:         587 
CORRECT IDX:         588 
CORRECT IDX:         589 
CORRECT IDX:         590 
CORRECT IDX:         591 
CORRECT IDX:         592 
CORRECT IDX:         593 
CORRECT IDX:         594 
CORRECT IDX:         595 
CORRECT IDX:         596 
CORRECT IDX:         597 
CORRECT IDX:         598 
CORRECT IDX:         599 
CORRECT IDX:         600 
CORRECT IDX:         601 
CORRECT IDX:         602 
CORRECT IDX:         603 
CORRECT IDX:         604 
CORRECT IDX:         605 
CORRECT IDX:         606 
CORRECT IDX:         607 
CORRECT IDX:         608 
CORRECT IDX:         609 
CORRECT IDX:         610 
CORRECT IDX:         611 
CORRECT IDX:         612 
CORRECT IDX:         613 
CORRECT IDX:         614 
CORRECT IDX:         615 
CORRECT IDX:         616 
CORRECT IDX:         617 
CORRECT IDX:         618 
CORRECT IDX:         619 
CORRECT IDX:         620 
CORRECT IDX:         621 
CORRECT IDX:         622 
CORRECT IDX:         623 
CORRECT IDX:         624 
CORRECT IDX:         625 
CORRECT IDX:         626 
CORRECT IDX:         627 
CORRECT IDX:         628 
CORRECT IDX:         629 
CORRECT IDX:         630 
CORRECT IDX:         631 
CORRECT IDX:         632 
CORRECT IDX:         633 
CORRECT IDX:         634 
CORRECT IDX:         635 
CORRECT IDX:         636 
CORRECT IDX:         637 
CORRECT IDX:         638 
CORRECT IDX:         639 
CORRECT IDX:         640 
CORRECT IDX:         641 
CORRECT IDX:         642 
CORRECT IDX:         643 
CORRECT IDX:         644 
CORRECT IDX:         645 
CORRECT IDX:         646 
CORRECT IDX:         647 
CORRECT IDX:         648 
CORRECT IDX:         649 
CORRECT IDX:         650 
CORRECT IDX:         651 
CORRECT IDX:         652 
CORRECT IDX:         653 
CORRECT IDX:         654 
CORRECT IDX:         655 
CORRECT IDX:         656 
CORRECT IDX:         657 
CORRECT IDX:         658 
CORRECT IDX:         659 
CORRECT IDX:         660 
CORRECT IDX:         661 
CORRECT IDX:         662 
CORRECT IDX:         663 
CORRECT IDX:         664 
CORRECT IDX:         665 
CORRECT IDX:         666 
CORRECT IDX:         667 
CORRECT IDX:         668 
CORRECT IDX:         669 
CORRECT IDX:         670 
CORRECT IDX:         671 
CORRECT IDX:         672 
CORRECT IDX:         673 
CORRECT IDX:         674 
CORRECT IDX:         675 
CORRECT IDX:         676 
CORRECT IDX:         677 
CORRECT IDX:         678 
CORRECT IDX:         679 
CORRECT IDX:         680 
CORRECT IDX:         681 
CORRECT IDX:         682 
CORRECT IDX:         683 
CORRECT IDX:         684 
CORRECT IDX:         685 
CORRECT IDX:         686 
CORRECT IDX:         687 
CORRECT IDX:         688 
CORRECT IDX:         689 
CORRECT IDX:         690 
CORRECT IDX:         691 
CORRECT IDX:         692 
CORRECT IDX:         693 
CORRECT IDX:         694 
CORRECT IDX:         695 
CORRECT IDX:         696 
CORRECT IDX:         697 
CORRECT IDX:         698 
CORRECT IDX:         699 
CORRECT IDX:         700 
CORRECT IDX:         701 
CORRECT IDX:         702 
CORRECT IDX:         703 
CORRECT IDX:         704 
CORRECT IDX:         705 
CORRECT IDX:         706 
CORRECT IDX:         707 
CORRECT IDX:         708 
CORRECT IDX:         709 
CORRECT IDX:         710 
CORRECT IDX:         711 
CORRECT IDX:         712 
CORRECT IDX:         713 
CORRECT IDX:         714 
CORRECT IDX:         715 
CORRECT IDX:         716 
CORRECT IDX:         717 
CORRECT IDX:         718 
CORRECT IDX:         719 
CORRECT IDX:         720 
CORRECT IDX:         721 
CORRECT IDX:         722 
CORRECT IDX:         723 
CORRECT IDX:         724 
CORRECT IDX:         725 
CORRECT IDX:         726 
CORRECT IDX:         727 
CORRECT IDX:         728 
CORRECT IDX:         729 
CORRECT IDX:         730 
CORRECT IDX:         731 
CORRECT IDX:         732 
CORRECT IDX:         733 
CORRECT IDX:         734 
CORRECT IDX:         735 
CORRECT IDX:         736 
CORRECT IDX:         737 
CORRECT IDX:         738 
CORRECT IDX:         739 
CORRECT IDX:         740 
CORRECT IDX:         741 
CORRECT IDX:         742 
CORRECT IDX:         743 
CORRECT IDX:         744 
CORRECT IDX:         745 
CORRECT IDX:         746 
CORRECT IDX:         747 
CORRECT IDX:         748 
CORRECT IDX:         749 
CORRECT IDX:         750 
CORRECT IDX:         751 
CORRECT IDX:         752 
CORRECT IDX:         753 
CORRECT IDX:         754 
CORRECT IDX:         755 
CORRECT IDX:         756 
CORRECT IDX:         757 
CORRECT IDX:         758 
CORRECT IDX:         759 
CORRECT IDX:         760 
CORRECT IDX:         761 
CORRECT IDX:         762 
CORRECT IDX:         763 
CORRECT IDX:         764 
CORRECT IDX:         765 
CORRECT IDX:         766 
CORRECT IDX:         767 
CORRECT IDX:         768 
CORRECT IDX:         769 
CORRECT IDX:         770 
CORRECT IDX:         771 
CORRECT IDX:         772 
CORRECT IDX:         773 
CORRECT IDX:         774 
CORRECT IDX:         775 
CORRECT IDX:         776 
CORRECT IDX:         777 
CORRECT IDX:         778 
CORRECT IDX:         779 
CORRECT IDX:         780 
CORRECT IDX:         781 
CORRECT IDX:         782 
CORRECT IDX:         783 
CORRECT IDX:         784 
CORRECT IDX:         785 
CORRECT IDX:         786 
CORRECT IDX:         787 
CORRECT IDX:         788 
CORRECT IDX:         789 
CORRECT IDX:         790 
CORRECT IDX:         791 
CORRECT IDX:         792 
CORRECT IDX:         793 
CORRECT IDX:         794 
CORRECT IDX:         795 
CORRECT IDX:         796 
CORRECT IDX:         797 
CORRECT IDX:         798 
CORRECT IDX:         799 
CORRECT IDX:         800 
CORRECT IDX:         801 
CORRECT IDX:         802 
CORRECT IDX:         803 
CORRECT IDX:         804 
CORRECT IDX:         805 
CORRECT IDX:         806 
CORRECT IDX:         807 
CORRECT IDX:         808 
CORRECT IDX:         809 
CORRECT IDX:         810 
CORRECT IDX:         811 
CORRECT IDX:         812 
CORRECT IDX:         813 
CORRECT IDX:         814 
CORRECT IDX:         815 
CORRECT IDX:         816 
CORRECT IDX:         817 
CORRECT IDX:         818 
CORRECT IDX:         819 
CORRECT IDX:         820 
CORRECT IDX:         821 
CORRECT IDX:         822 
CORRECT IDX:         823 
CORRECT IDX:         824 
CORRECT IDX:         825 
CORRECT IDX:         826 
CORRECT IDX:         827 
CORRECT IDX:         828 
CORRECT IDX:         829 
CORRECT IDX:         830 
CORRECT IDX:         831 
CORRECT IDX:         832 
CORRECT IDX:         833 
CORRECT IDX:         834 
CORRECT IDX:         835 
CORRECT IDX:         836 
CORRECT IDX:         837 
CORRECT IDX:         838 
CORRECT IDX:         839 
CORRECT IDX:         840 
CORRECT IDX:         841 
CORRECT IDX:         842 
CORRECT IDX:         843 
CORRECT IDX:         844 
CORRECT IDX:         845 
CORRECT IDX:         846 
CORRECT IDX:         847 
CORRECT IDX:         848 
CORRECT IDX:         849 
CORRECT IDX:         850 
CORRECT IDX:         851 
CORRECT IDX:         852 
CORRECT IDX:         853 
CORRECT IDX:         854 
CORRECT IDX:         855 
CORRECT IDX:         856 
CORRECT IDX:         857 
CORRECT IDX:         858 
CORRECT IDX:         859 
CORRECT IDX:         860 
CORRECT IDX:         861 
CORRECT IDX:         862 
CORRECT IDX:         863 
CORRECT IDX:         864 
CORRECT IDX:         865 
CORRECT IDX:         866 
CORRECT IDX:         867 
CORRECT IDX:         868 
CORRECT IDX:         869 
CORRECT IDX:         870 
CORRECT IDX:         871 
CORRECT IDX:         872 
CORRECT IDX:         873 
CORRECT IDX:         874 
CORRECT IDX:         875 
CORRECT IDX:         876 
CORRECT IDX:         877 
CORRECT IDX:         878 
CORRECT IDX:         879 
CORRECT IDX:         880 
CORRECT IDX:         881 
CORRECT IDX:         882 
CORRECT IDX:         883 
CORRECT IDX:         884 
CORRECT IDX:         885 
CORRECT IDX:         886 
CORRECT IDX:         887 
CORRECT IDX:         888 
CORRECT IDX:         889 
CORRECT IDX:         890 
CORRECT IDX:         891 
CORRECT IDX:         892 
CORRECT IDX:         893 
CORRECT IDX:         894 
CORRECT IDX:         895 
CORRECT IDX:         896 
CORRECT IDX:         897 
CORRECT IDX:         898 
CORRECT IDX:         899 
CORRECT IDX:         900 
CORRECT IDX:         901 
CORRECT IDX:         902 
CORRECT IDX:         903 
CORRECT IDX:         904 
CORRECT IDX:         905 
CORRECT IDX:         906 
CORRECT IDX:         907 
CORRECT IDX:         908 
CORRECT IDX:         909 
CORRECT IDX:         910 
CORRECT IDX:         911 
CORRECT IDX:         912 
CORRECT IDX:         913 
CORRECT IDX:         914 
CORRECT IDX:         915 
CORRECT IDX:         916 
CORRECT IDX:         917 
CORRECT IDX:         918 
CORRECT IDX:         919 
CORRECT IDX:         920 
CORRECT IDX:         921 
CORRECT IDX:         922 
CORRECT IDX:         923 
CORRECT IDX:         924 
CORRECT IDX:         925 
CORRECT IDX:         926 
CORRECT IDX:         927 
CORRECT IDX:         928 
CORRECT IDX:         929 
CORRECT IDX:         930 
CORRECT IDX:         931 
CORRECT IDX:         932 
CORRECT IDX:         933 
CORRECT IDX:         934 
CORRECT IDX:         935 
CORRECT IDX:         936 
CORRECT IDX:         937 
CORRECT IDX:         938 
CORRECT IDX:         939 
CORRECT IDX:         940 
CORRECT IDX:         941 
CORRECT IDX:         942 
CORRECT IDX:         943 
CORRECT IDX:         944 
CORRECT IDX:         945 
CORRECT IDX:         946 
CORRECT IDX:         947 
CORRECT IDX:         948 
CORRECT IDX:         949 
CORRECT IDX:         950 
CORRECT IDX:         951 
CORRECT IDX:         952 
CORRECT IDX:         953 
CORRECT IDX:         954 
CORRECT IDX:         955 
CORRECT IDX:         956 
CORRECT IDX:         957 
CORRECT IDX:         958 
CORRECT IDX:         959 
CORRECT IDX:         960 
CORRECT IDX:         961 
CORRECT IDX:         962 
CORRECT IDX:         963 
CORRECT IDX:         964 
CORRECT IDX:         965 
CORRECT IDX:         966 
CORRECT IDX:         967 
CORRECT IDX:         968 
CORRECT IDX:         969 
CORRECT IDX:         970 
CORRECT IDX:         971 
CORRECT IDX:         972 
CORRECT IDX:         973 
CORRECT IDX:         974 
CORRECT IDX:         975 
CORRECT IDX:         976 
CORRECT IDX:         977 
CORRECT IDX:         978 
CORRECT IDX:         979 
CORRECT IDX:         980 
CORRECT IDX:         981 
CORRECT IDX:         982 
CORRECT IDX:         983 
CORRECT IDX:         984 
CORRECT IDX:         985 
CORRECT IDX:         986 
CORRECT IDX:         987 
CORRECT IDX:         988 
CORRECT IDX:         989 
CORRECT IDX:         990 
CORRECT IDX:         991 
CORRECT IDX:         992 
CORRECT IDX:         993 
CORRECT IDX:         994 
CORRECT IDX:         995 
CORRECT IDX:         996 
CORRECT IDX:         997 
CORRECT IDX:         998 
CORRECT IDX:         999 
CORRECT IDX:        1000 
CORRECT IDX:        1001 
CORRECT IDX:        1002 
CORRECT IDX:        1003 
CORRECT IDX:        1004 
CORRECT IDX:        1005 
CORRECT IDX:        1006 
CORRECT IDX:        1007 
CORRECT IDX:        1008 
CORRECT IDX:        1009 
CORRECT IDX:        1010 
CORRECT IDX:        1011 
CORRECT IDX:        1012 
CORRECT IDX:        1013 
CORRECT IDX:        1014 
CORRECT IDX:        1015 
CORRECT IDX:        1016 
CORRECT IDX:        1017 
CORRECT IDX:        1018 
CORRECT IDX:        1019 
CORRECT IDX:        1020 
CORRECT IDX:        1021 
CORRECT IDX:        1022 
CORRECT IDX:        1023 
$finish called at time : 63645 ns : File "/home/cisechw/Desktop/iterative_parametric_32_64/iterative_ntt_files/iterative_tp_super_tb.v" Line 272
INFO: xsimkernel Simulation Memory Usage: 226048 KB (Peak: 226976 KB), Simulation CPU Usage: 36390 ms
